******************************************************************************
                  TI ARM Linker PC v20.2.7                     
******************************************************************************
>> Linked Fri May  3 09:55:19 2024

OUTPUT FILE NAME:   <Project005.out>
ENTRY POINT SYMBOL: "_c_int00_noargs"  address: 00002cc9


MEMORY CONFIGURATION

         name            origin    length      used     unused   attr    fill
----------------------  --------  ---------  --------  --------  ----  --------
  MAIN                  00000000   00200000  00003042  001fcfbe  R  X
  INFO                  00200000   00008000  00000000  00008000  R  X
  SRAM_CODE             01000000   00040000  0000022e  0003fdd2  RW X
  SRAM_DATA             20000000   00040000  0000022e  0003fdd2  RW  


SEGMENT ALLOCATION MAP

run origin  load origin   length   init length attrs members
----------  ----------- ---------- ----------- ----- -------
00000000    00000000    00003048   00003048    r-x
  00000000    00000000    000000e8   000000e8    r-- .intvecs
  000000e8    000000e8    00002d38   00002d38    r-x .text
  00002e20    00002e20    000001e2   000001e2    r-- .const
  00003008    00003008    00000040   00000040    r-- .cinit
20000000    20000000    0000002e   00000000    rw-
  20000000    20000000    00000024   00000000    rw- .data
  20000024    20000024    0000000a   00000000    rw- .bss
2003fe00    2003fe00    00000200   00000000    rw-
  2003fe00    2003fe00    00000200   00000000    rw- .stack


SECTION ALLOCATION MAP

 output                                  attributes/
section   page    origin      length       input sections
--------  ----  ----------  ----------   ----------------
.intvecs   0    00000000    000000e8     
                  00000000    000000e8     startup_msp432p4111_ccs.obj (.intvecs:retain)

.text      0    000000e8    00002d38     
                  000000e8    00000a4e     rtsv7M4_T_le_v4SPD16_eabi.lib : _printfi.c.obj (.text:__TI_printfi)
                  00000b36    00000002                                   : div0.asm.obj (.text)
                  00000b38    0000071c     main.obj (.text)
                  00001254    00000350     system_msp432p4111.obj (.text)
                  000015a4    000002c0     lcd.obj (.text)
                  00001864    00000270     rtsv7M4_T_le_v4SPD16_eabi.lib : _printfi.c.obj (.text:_pconv_a)
                  00001ad4    000001d0                                   : _printfi.c.obj (.text:_pconv_g)
                  00001ca4    000001b6                                   : fd_add_t2.asm.obj (.text)
                  00001e5a    00000002     --HOLE-- [fill = 0]
                  00001e5c    0000013c                                   : _printfi.c.obj (.text:_pconv_e)
                  00001f98    00000136                                   : fd_div_t2.asm.obj (.text)
                  000020ce    00000002     --HOLE-- [fill = 0]
                  000020d0    00000124                                   : _printfi.c.obj (.text:fcvt)
                  000021f4    00000110                                   : s_scalbn.c.obj (.text:scalbn)
                  00002304    000000fc                                   : fd_mul_t2.asm.obj (.text)
                  00002400    000000e8     csHFXT.obj (.text)
                  000024e8    000000b1     rtsv7M4_T_le_v4SPD16_eabi.lib : _printfi.c.obj (.text:_ltostr)
                  00002599    00000003     --HOLE-- [fill = 0]
                  0000259c    000000ac     sysTickDelays.obj (.text)
                  00002648    0000009c     rtsv7M4_T_le_v4SPD16_eabi.lib : memcpy_t2.asm.obj (.text)
                  000026e4    00000096                                   : ull_div_t2.asm.obj (.text)
                  0000277a    00000086                                   : fd_cmp_t2.asm.obj (.text:__aeabi_cdcmple)
                  00002800    00000086                                   : fd_cmp_t2.asm.obj (.text:__aeabi_cdrcmple)
                  00002886    0000007a                                   : memset_t2.asm.obj (.text)
                  00002900    0000006e                                   : _printfi.c.obj (.text:_mcpy)
                  0000296e    00000068                                   : copy_decompress_lzss.c.obj (.text:decompress:lzss:__TI_decompress_lzss)
                  000029d6    00000002     --HOLE-- [fill = 0]
                  000029d8    00000064                                   : s_frexp.c.obj (.text:frexp)
                  00002a3c    00000056                                   : _printfi.c.obj (.text:_pconv_f)
                  00002a92    00000054                                   : _ltoa.c.obj (.text:__TI_ltoa)
                  00002ae6    00000052                                   : _printfi.c.obj (.text:_ecpy)
                  00002b38    0000004c                                   : atoi.c.obj (.text:atoi)
                  00002b84    00000048                                   : fd_toi_t2.asm.obj (.text)
                  00002bcc    00000044                                   : autoinit.c.obj (.text:__TI_auto_init_nobinit_nopinit:__TI_auto_init_nobinit_nopinit)
                  00002c10    00000040                                   : sprintf.c.obj (.text:sprintf)
                  00002c50    0000003e                                   : _printfi.c.obj (.text:_fcpy)
                  00002c8e    00000038                                   : fs_tod_t2.asm.obj (.text)
                  00002cc6    00000002     --HOLE-- [fill = 0]
                  00002cc8    00000034                                   : boot_cortex_m.c.obj (.text:_c_int00_noargs:_c_int00_noargs)
                  00002cfc    0000002e                                   : i_tofd_t2.asm.obj (.text)
                  00002d2a    0000001c                                   : copy_zero_init.c.obj (.text:decompress:ZI:__TI_zero_init_nomemset:__TI_zero_init_nomemset)
                  00002d46    0000001c                                   : memccpy.c.obj (.text:memccpy)
                  00002d62    0000001a                                   : s_copysign.c.obj (.text:copysign)
                  00002d7c    00000018                                   : sprintf.c.obj (.text:_outs)
                  00002d94    00000018                                   : ll_mul_t2.asm.obj (.text)
                  00002dac    00000016                                   : strchr.c.obj (.text:strchr)
                  00002dc2    00000014                                   : strlen.c.obj (.text:strlen)
                  00002dd6    00000012                                   : wcslen.c.obj (.text:wcslen)
                  00002de8    0000000e                                   : copy_decompress_none.c.obj (.text:decompress:none:__TI_decompress_none)
                  00002df6    0000000e     startup_msp432p4111_ccs.obj (.text)
                  00002e04    0000000a     rtsv7M4_T_le_v4SPD16_eabi.lib : sprintf.c.obj (.text:_outc)
                  00002e0e    00000002     --HOLE-- [fill = 0]
                  00002e10    00000008                                   : errno.c.obj (.text:__aeabi_errno_addr)
                  00002e18    00000004                                   : pre_init.c.obj (.text:_system_pre_init)
                  00002e1c    00000004                                   : exit.c.obj (.text:abort:abort)

.const     0    00002e20    000001e2     
                  00002e20    00000101     rtsv7M4_T_le_v4SPD16_eabi.lib : ctype.c.obj (.const:.string:_ctypes_)
                  00002f21    000000cf     main.obj (.const:.string:prompt)
                  00002ff0    00000012     main.obj (.const:.string:invalid)

.cinit     0    00003008    00000040     
                  00003008    00000016     (.cinit..data.load) [load image, compression = lzss]
                  0000301e    00000002     --HOLE-- [fill = 0]
                  00003020    0000000c     (__TI_handler_table)
                  0000302c    00000004     --HOLE-- [fill = 0]
                  00003030    00000008     (.cinit..bss.load) [load image, compression = zero_init]
                  00003038    00000010     (__TI_cinit_table)

.init_array 
*          0    00000000    00000000     UNINITIALIZED

.binit     0    00000000    00000000     

.data      0    20000000    00000024     UNINITIALIZED
                  20000000    0000000c     main.obj (.data)
                  2000000c    00000004     rtsv7M4_T_le_v4SPD16_eabi.lib : errno.c.obj (.data)
                  20000010    00000008     sysTickDelays.obj (.data)
                  20000018    00000006     main.obj (.data:RXData)
                  2000001e    00000002     --HOLE--
                  20000020    00000004     system_msp432p4111.obj (.data)

.bss       0    20000024    0000000a     UNINITIALIZED
                  20000024    00000002     (.common:accel_x)
                  20000026    00000002     (.common:accel_y)
                  20000028    00000002     (.common:accel_z)
                  2000002a    00000001     (.common:RXDataPointer)
                  2000002b    00000001     (.common:TXDataPointer)
                  2000002c    00000001     (.common:input)
                  2000002d    00000001     (.common:pref)

.stack     0    2003fe00    00000200     UNINITIALIZED
                  2003fe00    00000004     rtsv7M4_T_le_v4SPD16_eabi.lib : boot_cortex_m.c.obj (.stack)
                  2003fe04    000001fc     --HOLE--

__llvm_prf_cnts 
*          0    20000000    00000000     UNINITIALIZED

MODULE SUMMARY

       Module                        code    ro data   rw data
       ------                        ----    -------   -------
    .\
       main.obj                      1820    225       56     
       system_msp432p4111.obj        848     0         8      
       lcd.obj                       704     0         0      
       startup_msp432p4111_ccs.obj   14      232       0      
       csHFXT.obj                    232     0         0      
       sysTickDelays.obj             172     0         16     
    +--+-----------------------------+-------+---------+---------+
       Total:                        3790    457       80     
                                                              
    C:\ti\ccs1260\ccs\tools\compiler\ti-cgt-arm_20.2.7.LTS\lib\rtsv7M4_T_le_v4SPD16_eabi.lib
       _printfi.c.obj                4851    0         0      
       fd_add_t2.asm.obj             438     0         0      
       fd_div_t2.asm.obj             310     0         0      
       s_scalbn.c.obj                272     0         0      
       fd_cmp_t2.asm.obj             268     0         0      
       ctype.c.obj                   0       257       0      
       fd_mul_t2.asm.obj             252     0         0      
       memcpy_t2.asm.obj             156     0         0      
       ull_div_t2.asm.obj            150     0         0      
       memset_t2.asm.obj             122     0         0      
       copy_decompress_lzss.c.obj    104     0         0      
       s_frexp.c.obj                 100     0         0      
       sprintf.c.obj                 98      0         0      
       _ltoa.c.obj                   84      0         0      
       atoi.c.obj                    76      0         0      
       fd_toi_t2.asm.obj             72      0         0      
       autoinit.c.obj                68      0         0      
       fs_tod_t2.asm.obj             56      0         0      
       boot_cortex_m.c.obj           52      0         0      
       i_tofd_t2.asm.obj             46      0         0      
       copy_zero_init.c.obj          28      0         0      
       memccpy.c.obj                 28      0         0      
       s_copysign.c.obj              26      0         0      
       ll_mul_t2.asm.obj             24      0         0      
       strchr.c.obj                  22      0         0      
       strlen.c.obj                  20      0         0      
       wcslen.c.obj                  18      0         0      
       errno.c.obj                   8       0         8      
       copy_decompress_none.c.obj    14      0         0      
       exit.c.obj                    4       0         0      
       pre_init.c.obj                4       0         0      
       div0.asm.obj                  2       0         0      
    +--+-----------------------------+-------+---------+---------+
       Total:                        7773    257       8      
                                                              
       Stack:                        0       0         1024   
       Linker Generated:             0       58        0      
    +--+-----------------------------+-------+---------+---------+
       Grand Total:                  11563   772       1112   


LINKER GENERATED COPY TABLES

__TI_cinit_table @ 00003038 records: 2, size/record: 8, table size: 16
	.data: load addr=00003008, load size=00000016 bytes, run addr=20000000, run size=00000024 bytes, compression=lzss
	.bss: load addr=00003030, load size=00000008 bytes, run addr=20000024, run size=0000000a bytes, compression=zero_init


LINKER GENERATED HANDLER TABLE

__TI_handler_table @ 00003020 records: 3, size/record: 4, table size: 12
	index: 0, handler: __TI_decompress_lzss
	index: 1, handler: __TI_decompress_none
	index: 2, handler: __TI_zero_init


GLOBAL SYMBOLS: SORTED ALPHABETICALLY BY Name 

address   name                          
-------   ----                          
00002e03  ADC14_IRQHandler              
00002e03  AES256_IRQHandler             
00002e03  BusFault_Handler              
00002e1d  C$$EXIT                       
00002e03  COMP_E0_IRQHandler            
00002e03  COMP_E1_IRQHandler            
00002e03  CS_IRQHandler                 
00002e03  DMA_ERR_IRQHandler            
00002e03  DMA_INT0_IRQHandler           
00002e03  DMA_INT1_IRQHandler           
00002e03  DMA_INT2_IRQHandler           
00002e03  DMA_INT3_IRQHandler           
00002e03  DebugMon_Handler              
00002e03  Default_Handler               
00001075  EUSCIA0_IRQHandler            
00001075  EUSCIA0_IRQHandler            
00002e03  EUSCIA1_IRQHandler            
00002e03  EUSCIA2_IRQHandler            
00002e03  EUSCIA3_IRQHandler            
00001149  EUSCIB0_IRQHandler            
00001149  EUSCIB0_IRQHandler            
00002e03  EUSCIB1_IRQHandler            
00002e03  EUSCIB2_IRQHandler            
00002e03  EUSCIB3_IRQHandler            
00002e03  FLCTL_A_IRQHandler            
00002e03  FPU_IRQHandler                
00002e03  HardFault_Handler             
00002e03  LCD_F_IRQHandler              
00002e03  MemManage_Handler             
00002e03  NMI_Handler                   
00002e03  PCM_IRQHandler                
00002e03  PORT1_IRQHandler              
00002e03  PORT2_IRQHandler              
00002e03  PORT3_IRQHandler              
00002e03  PORT4_IRQHandler              
00002e03  PORT5_IRQHandler              
00002e03  PORT6_IRQHandler              
00002e03  PSS_IRQHandler                
00002e03  PendSV_Handler                
00002e03  RTC_C_IRQHandler              
20000018  RXData                        
2000002a  RXDataPointer                 
00002df7  Reset_Handler                 
00002e03  SVC_Handler                   
00002e03  SysTick_Handler               
20000020  SystemCoreClock               
00001255  SystemCoreClockUpdate         
000014cd  SystemInit                    
00002e03  T32_INT1_IRQHandler           
00002e03  T32_INT2_IRQHandler           
00002e03  T32_INTC_IRQHandler           
00002e03  TA0_0_IRQHandler              
00002e03  TA0_N_IRQHandler              
00002e03  TA1_0_IRQHandler              
00002e03  TA1_N_IRQHandler              
00002e03  TA2_0_IRQHandler              
00002e03  TA2_N_IRQHandler              
00002e03  TA3_0_IRQHandler              
00002e03  TA3_N_IRQHandler              
2000002b  TXDataPointer                 
00002e03  UsageFault_Handler            
4000480c  WDTCTL_SYM                    
00002e03  WDT_A_IRQHandler              
20040000  __STACK_END                   
00000200  __STACK_SIZE                  
00003038  __TI_CINIT_Base               
00003048  __TI_CINIT_Limit              
00003020  __TI_Handler_Table_Base       
0000302c  __TI_Handler_Table_Limit      
00002bcd  __TI_auto_init_nobinit_nopinit
0000296f  __TI_decompress_lzss          
00002de9  __TI_decompress_none          
00002a93  __TI_ltoa                     
ffffffff  __TI_pprof_out_hndl           
000000e9  __TI_printfi                  
ffffffff  __TI_prof_data_size           
ffffffff  __TI_prof_data_start          
00000000  __TI_static_base__            
00002d2b  __TI_zero_init_nomemset       
0000277b  __aeabi_cdcmpeq               
0000277b  __aeabi_cdcmple               
00002801  __aeabi_cdrcmple              
00002b85  __aeabi_d2iz                  
00001caf  __aeabi_dadd                  
00001f99  __aeabi_ddiv                  
00002305  __aeabi_dmul                  
00001ca5  __aeabi_dsub                  
00002e11  __aeabi_errno_addr            
00002c8f  __aeabi_f2d                   
00002cfd  __aeabi_i2d                   
00000b37  __aeabi_idiv0                 
00000b37  __aeabi_ldiv0                 
00002d95  __aeabi_lmul                  
00002887  __aeabi_memclr                
00002887  __aeabi_memclr4               
00002887  __aeabi_memclr8               
00002649  __aeabi_memcpy                
00002649  __aeabi_memcpy4               
00002649  __aeabi_memcpy8               
00002889  __aeabi_memset                
00002889  __aeabi_memset4               
00002889  __aeabi_memset8               
000026e5  __aeabi_uldivmod              
ffffffff  __binit__                     
ffffffff  __c_args__                    
UNDEFED   __mpu_init                    
2003fe00  __stack                       
20000000  __start___llvm_prf_cnts       
20000000  __stop___llvm_prf_cnts        
00002cc9  _c_int00_noargs               
00002e20  _ctypes_                      
UNDEFED   _system_post_cinit            
00002e19  _system_pre_init              
00002e1d  abort                         
20000024  accel_x                       
20000026  accel_y                       
20000028  accel_z                       
00002b39  atoi                          
ffffffff  binit                         
0000182b  clearDisplay                  
00001747  commandInstruction            
00002401  configHFXT                    
00000ee5  configI2C                     
000015a5  configLCD                     
00000e7d  configUART                    
00002d63  copysign                      
00002d63  copysignl                     
00001759  dataInstruction               
00000fcb  delay5                        
000025b1  delayMicroSec                 
00002621  delayMilliSec                 
2000000c  errno                         
000024a1  error                         
000017e5  firstLine                     
000029d9  frexp                         
000029d9  frexpl                        
20000008  g                             
0000259d  initDelayTimer                
0000176b  initLCD                       
2000002c  input                         
00001609  instructionDelay              
00000000  interruptVectors              
00002ff0  invalid                       
000021f5  ldexp                         
000021f5  ldexpl                        
00000b39  main                          
00002d47  memccpy                       
00002649  memcpy                        
0000288f  memset                        
20000000  p                             
2000002d  pref                          
20000004  prekky                        
000017fd  printChar                     
00000e45  printMessage                  
00002f21  prompt                        
00000c61  pushingP                      
0000180d  putch                         
000021f5  scalbn                        
000021f5  scalbnl                       
000017f1  secondLine                    
00000e01  setPrecision                  
00002c11  sprintf                       
00002dad  strchr                        
00002dc3  strlen                        
20000010  sysClkFreq                    
20000001  validity                      
00002dd7  wcslen                        
0000168f  write4bitInstruction          
00001637  writeInstruction              


GLOBAL SYMBOLS: SORTED BY Symbol Address 

address   name                          
-------   ----                          
00000000  __TI_static_base__            
00000000  interruptVectors              
000000e9  __TI_printfi                  
00000200  __STACK_SIZE                  
00000b37  __aeabi_idiv0                 
00000b37  __aeabi_ldiv0                 
00000b39  main                          
00000c61  pushingP                      
00000e01  setPrecision                  
00000e45  printMessage                  
00000e7d  configUART                    
00000ee5  configI2C                     
00000fcb  delay5                        
00001075  EUSCIA0_IRQHandler            
00001075  EUSCIA0_IRQHandler            
00001149  EUSCIB0_IRQHandler            
00001149  EUSCIB0_IRQHandler            
00001255  SystemCoreClockUpdate         
000014cd  SystemInit                    
000015a5  configLCD                     
00001609  instructionDelay              
00001637  writeInstruction              
0000168f  write4bitInstruction          
00001747  commandInstruction            
00001759  dataInstruction               
0000176b  initLCD                       
000017e5  firstLine                     
000017f1  secondLine                    
000017fd  printChar                     
0000180d  putch                         
0000182b  clearDisplay                  
00001ca5  __aeabi_dsub                  
00001caf  __aeabi_dadd                  
00001f99  __aeabi_ddiv                  
000021f5  ldexp                         
000021f5  ldexpl                        
000021f5  scalbn                        
000021f5  scalbnl                       
00002305  __aeabi_dmul                  
00002401  configHFXT                    
000024a1  error                         
0000259d  initDelayTimer                
000025b1  delayMicroSec                 
00002621  delayMilliSec                 
00002649  __aeabi_memcpy                
00002649  __aeabi_memcpy4               
00002649  __aeabi_memcpy8               
00002649  memcpy                        
000026e5  __aeabi_uldivmod              
0000277b  __aeabi_cdcmpeq               
0000277b  __aeabi_cdcmple               
00002801  __aeabi_cdrcmple              
00002887  __aeabi_memclr                
00002887  __aeabi_memclr4               
00002887  __aeabi_memclr8               
00002889  __aeabi_memset                
00002889  __aeabi_memset4               
00002889  __aeabi_memset8               
0000288f  memset                        
0000296f  __TI_decompress_lzss          
000029d9  frexp                         
000029d9  frexpl                        
00002a93  __TI_ltoa                     
00002b39  atoi                          
00002b85  __aeabi_d2iz                  
00002bcd  __TI_auto_init_nobinit_nopinit
00002c11  sprintf                       
00002c8f  __aeabi_f2d                   
00002cc9  _c_int00_noargs               
00002cfd  __aeabi_i2d                   
00002d2b  __TI_zero_init_nomemset       
00002d47  memccpy                       
00002d63  copysign                      
00002d63  copysignl                     
00002d95  __aeabi_lmul                  
00002dad  strchr                        
00002dc3  strlen                        
00002dd7  wcslen                        
00002de9  __TI_decompress_none          
00002df7  Reset_Handler                 
00002e03  ADC14_IRQHandler              
00002e03  AES256_IRQHandler             
00002e03  BusFault_Handler              
00002e03  COMP_E0_IRQHandler            
00002e03  COMP_E1_IRQHandler            
00002e03  CS_IRQHandler                 
00002e03  DMA_ERR_IRQHandler            
00002e03  DMA_INT0_IRQHandler           
00002e03  DMA_INT1_IRQHandler           
00002e03  DMA_INT2_IRQHandler           
00002e03  DMA_INT3_IRQHandler           
00002e03  DebugMon_Handler              
00002e03  Default_Handler               
00002e03  EUSCIA1_IRQHandler            
00002e03  EUSCIA2_IRQHandler            
00002e03  EUSCIA3_IRQHandler            
00002e03  EUSCIB1_IRQHandler            
00002e03  EUSCIB2_IRQHandler            
00002e03  EUSCIB3_IRQHandler            
00002e03  FLCTL_A_IRQHandler            
00002e03  FPU_IRQHandler                
00002e03  HardFault_Handler             
00002e03  LCD_F_IRQHandler              
00002e03  MemManage_Handler             
00002e03  NMI_Handler                   
00002e03  PCM_IRQHandler                
00002e03  PORT1_IRQHandler              
00002e03  PORT2_IRQHandler              
00002e03  PORT3_IRQHandler              
00002e03  PORT4_IRQHandler              
00002e03  PORT5_IRQHandler              
00002e03  PORT6_IRQHandler              
00002e03  PSS_IRQHandler                
00002e03  PendSV_Handler                
00002e03  RTC_C_IRQHandler              
00002e03  SVC_Handler                   
00002e03  SysTick_Handler               
00002e03  T32_INT1_IRQHandler           
00002e03  T32_INT2_IRQHandler           
00002e03  T32_INTC_IRQHandler           
00002e03  TA0_0_IRQHandler              
00002e03  TA0_N_IRQHandler              
00002e03  TA1_0_IRQHandler              
00002e03  TA1_N_IRQHandler              
00002e03  TA2_0_IRQHandler              
00002e03  TA2_N_IRQHandler              
00002e03  TA3_0_IRQHandler              
00002e03  TA3_N_IRQHandler              
00002e03  UsageFault_Handler            
00002e03  WDT_A_IRQHandler              
00002e11  __aeabi_errno_addr            
00002e19  _system_pre_init              
00002e1d  C$$EXIT                       
00002e1d  abort                         
00002e20  _ctypes_                      
00002f21  prompt                        
00002ff0  invalid                       
00003020  __TI_Handler_Table_Base       
0000302c  __TI_Handler_Table_Limit      
00003038  __TI_CINIT_Base               
00003048  __TI_CINIT_Limit              
20000000  __start___llvm_prf_cnts       
20000000  __stop___llvm_prf_cnts        
20000000  p                             
20000001  validity                      
20000004  prekky                        
20000008  g                             
2000000c  errno                         
20000010  sysClkFreq                    
20000018  RXData                        
20000020  SystemCoreClock               
20000024  accel_x                       
20000026  accel_y                       
20000028  accel_z                       
2000002a  RXDataPointer                 
2000002b  TXDataPointer                 
2000002c  input                         
2000002d  pref                          
2003fe00  __stack                       
20040000  __STACK_END                   
4000480c  WDTCTL_SYM                    
ffffffff  __TI_pprof_out_hndl           
ffffffff  __TI_prof_data_size           
ffffffff  __TI_prof_data_start          
ffffffff  __binit__                     
ffffffff  __c_args__                    
ffffffff  binit                         
UNDEFED   __mpu_init                    
UNDEFED   _system_post_cinit            

[169 symbols]
